// Jest Snapshot v1, https://goo.gl/fbAQLP

exports[`AddKnowledge SnapShotテスト初期表示 1`] = `
<div
  data-v-app=""
>
  
  <header-stub />
  <tab-menu-stub />
  <toast-stub
    position="top-center"
  />
  <div
    class="p-7"
  >
    <float-label-stub
      class="mt-5"
    />
    <float-label-stub
      class="mt-5"
    />
  </div>
  <div
    class="p-5"
  >
    <h2>
      関連画像(5枚まで登録できます)
    </h2>
    <div
      class="file-input-container"
    >
      
      <div>
        <drop-file-stub
          class="mt-3"
          index="1"
        />
      </div>
      <div>
        <drop-file-stub
          class="mt-3"
          index="2"
        />
      </div>
      <div>
        <drop-file-stub
          class="mt-3"
          index="3"
        />
      </div>
      <div>
        <drop-file-stub
          class="mt-3"
          index="4"
        />
      </div>
      <div>
        <drop-file-stub
          class="mt-3"
          index="5"
        />
      </div>
      
    </div>
  </div>
  <div
    class="p-5 text-center"
  >
    <button
      class="add-knowledge-button"
    >
       登録する 
    </button>
  </div>
  
</div>
`;
