// Jest Snapshot v1, https://goo.gl/fbAQLP

exports[`Contact SnapShotテスト初期表示 1`] = `
<div
  data-v-app=""
>
  
  <header-stub />
  <tab-menu-stub />
  <toast-stub
    position="top-center"
  />
  <p
    class="title_line mt-5"
  >
    お問合せ
  </p>
  <div
    class="contact-container mt-5 pb-8"
  >
    <form
      class="contact-form"
    >
      <div
        class="contact-item"
      >
        <label
          class="contact-require-label"
        >
          要望や不適切な表現がある場合にはお問合せフォームを入力してください
        </label>
        <textarea
          class="w-full"
          name="contact"
          rows="20"
        />
        <div
          class="mt-2 text-right profile-input-width"
        >
          <p>
            残り5000文字入力できます
          </p>
        </div>
        <p>
          ※あくまでもポートフォリオなのでご了承ください
        </p>
        <p>
          ※問い合わせが完了したら開発者にメールが届くようになっています
        </p>
      </div>
      <div
        class="pt-7 text-center"
      >
        <button
          class="submit-button"
        >
          送信
        </button>
      </div>
    </form>
    <router-link-stub
      class="contact-link mt-5"
      to="contact-list"
    />
  </div>
  
</div>
`;
