// Jest Snapshot v1, https://goo.gl/fbAQLP

exports[`EditRecord SnapShotテスト初期表示 1`] = `
<div
  data-v-app=""
>
  
  <header-stub />
  <tab-menu-stub />
  <toast-stub
    position="top-center"
  />
  <form
    class="edit-container"
  >
    <div
      class="w-52"
    >
      <p>
        記録日
      </p>
      <date-picker-stub
        isstart="true"
      />
    </div>
    <div
      class="weight-group mt-7"
    >
      <float-label-stub />
      <p
        class="ml-2"
      >
        kg
      </p>
    </div>
    <div
      class="weight-group mt-7"
    >
      <float-label-stub />
      <p
        class="ml-2"
      >
        %
      </p>
    </div>
    <div
      class="mt-5"
    >
      <record-memo-input-stub />
    </div>
    <div
      class="mt-7"
    >
      <input
        class="w-4 h-4 text-blue-600 bg-gray-100 border-gray-300 rounded focus:ring-blue-500"
        id="statusSelect"
        type="checkbox"
      />
      <label
        class="ml-2"
      >
        非公開記録にする場合にはチェック
      </label>
    </div>
    <div>
      <p
        class="mt-5"
      >
        登録済みの画像
      </p>
      <div
        class="thumbnail-container"
      >
        
        <div
          class="thumbnail"
        >
          <div
            class="thumbnail-image"
          >
            <img
              alt=""
              src="https://example.com/image1.jpg"
            />
          </div>
          <div
            class="thumbnail-actions"
          >
            <button-stub
              class="delete-button"
              icon="pi pi-trash"
              label=""
            />
          </div>
        </div>
        <div
          class="thumbnail"
        >
          <div
            class="thumbnail-image"
          >
            <img
              alt=""
              src="https://example.com/image2.jpg"
            />
          </div>
          <div
            class="thumbnail-actions"
          >
            <button-stub
              class="delete-button"
              icon="pi pi-trash"
              label=""
            />
          </div>
        </div>
        
      </div>
    </div>
    <div
      class="mt-5"
    >
      <p>
        関連画像(登録済みの画像と合わせて3枚まで登録できます)
      </p>
      
      <div>
        <drop-file-stub
          class="mt-3"
          index="1"
        />
      </div>
      <div>
        <drop-file-stub
          class="mt-3"
          index="2"
        />
      </div>
      <div>
        <drop-file-stub
          class="mt-3"
          index="3"
        />
      </div>
      
    </div>
    <div
      class="p-5 text-center"
    >
      <button
        class="record-edit-button"
      >
        編集する
      </button>
    </div>
  </form>
  
</div>
`;
