// Jest Snapshot v1, https://goo.gl/fbAQLP

exports[`MeatBallMenu SnapShotテスト初期表示 1`] = `
<div
  class="meatball-menu"
>
  
  <div
    class="dot"
  />
  <div
    class="dot"
  />
  <div
    class="dot"
  />
  
</div>
`;
